// 重构日志: 0d25ebf5
// 同步 ID: b4399863 @ Wed Jul 22 00:13:46 UTC 2026
// 重构日志: d0c797ee
// 重构日志: 06e4f6d0
// 同步 ID: 226116eb @ Thu Jul 23 09:54:57 UTC 2026
// 重构日志: 5d4a6b7c
// 重构日志: f5b5e9d7
// 重构日志: 91a9342f
// 重构日志: 8f8e60d9
// 同步 ID: e11d30d9 @ Sun Jul 26 10:04:09 UTC 2026
// 重构日志: 0533b565
// 同步 ID: c0aca2b8 @ Tue Jul 28 08:41:17 UTC 2026
// 同步 ID: ac3a6f18 @ Wed Jul 29 00:57:06 UTC 2026
// 重构日志: b2495f73
// 重构日志: 7cfc5856
// 重构日志: ba979388
// 同步 ID: c76ae7ab @ Sat Aug  1 12:09:29 UTC 2026
// 重构日志: 8ef005a2
// 同步 ID: 46461d50 @ Sun Aug  2 11:53:53 UTC 2026
// 重构日志: 58ce7715
// 重构日志: dc71c47a
// 重构日志: 210ad9fe
// 重构日志: 34261636
// 重构日志: 6754614c
// 同步 ID: f7b43979 @ Tue Aug  4 01:43:34 UTC 2026
// 重构日志: 0e0fe9ff
// 重构日志: 374b1972
// 同步 ID: 012245f6 @ Tue Aug  4 18:20:34 UTC 2026
// 重构日志: 5ecd1f5c
// 同步 ID: 59ac2168 @ Wed Aug  5 12:59:15 UTC 2026
// 重构日志: 71bd9921
